// Jest Snapshot v1, https://jestjs.io/docs/snapshot-testing

exports[`SettingsSyncPanelPage:renderToString should match snapshot with all props 1`] = `"<!DOCTYPE html><html><head><meta charset="UTF-8"/><meta http-equiv="Content-Security-Policy" content="default-src 'none'; img-src vscode-webview://test-csp-source https:; style-src vscode-webview://test-csp-source 'unsafe-inline'; script-src vscode-webview://test-csp-source 'unsafe-inline' 'unsafe-eval'; connect-src vscode-webview://test-csp-source"/><meta name="viewport" content="width=device-width, initial-scale=1.0"/><title>IDE Settings Sync</title><style>/* test css */</style></head><body></body><script>// xxx</script><script>// xxx9999</script></html>"`;
